// Jest Snapshot v1, https://goo.gl/fbAQLP

exports[`reducers typing should handle LOAD_CLIPBOARD 1`] = `1`;

exports[`reducers typing should handle initial state 1`] = `
Object {
  "counter": 0,
  "typing": Object {
    "text": "demo",
    "typingText": "",
  },
}
`;

exports[`reducers typing should handle unknown action type 1`] = `1`;
